// Jest Snapshot v1, https://goo.gl/fbAQLP

exports[`BoxFade renders without errors 1`] = `
<div>
  <div
    class="MuiBox-root MuiBox-root-1"
  >
    <div
      class="react-reveal"
    />
  </div>
</div>
`;
