// Jest Snapshot v1, https://goo.gl/fbAQLP

exports[`UserStepContent renders without errors 1`] = `
<div>
  <div
    class="MuiBox-root MuiBox-root-2"
  >
    <div
      class="MuiPaper-root MuiCard-root MuiPaper-elevation5 MuiPaper-rounded"
    >
      <div
        class="MuiBox-root MuiBox-root-4"
      >
        <button
          class="MuiButtonBase-root MuiIconButton-root Mui-disabled Mui-disabled"
          disabled=""
          tabindex="-1"
          type="button"
        >
          <span
            class="MuiIconButton-label"
          >
            <svg
              fill="none"
              height="40"
              stroke="currentColor"
              stroke-linecap="round"
              stroke-linejoin="round"
              stroke-width="2"
              viewBox="0 0 24 24"
              width="40"
              xmlns="http://www.w3.org/2000/svg"
            >
              <polyline
                points="15 18 9 12 15 6"
              />
            </svg>
          </span>
        </button>
        <div
          class="react-reveal"
        >
          <div
            class="MuiCardContent-root"
          >
            <h6
              class="MuiTypography-root MuiTypography-h6"
            >
              Important Dates: January
            </h6>
            <br />
            <p
              class="MuiTypography-root MuiTypography-body1"
            >
              this is some content
            </p>
          </div>
        </div>
        <button
          class="MuiButtonBase-root MuiIconButton-root"
          tabindex="0"
          type="button"
        >
          <span
            class="MuiIconButton-label"
          >
            <svg
              fill="none"
              height="40"
              stroke="currentColor"
              stroke-linecap="round"
              stroke-linejoin="round"
              stroke-width="2"
              viewBox="0 0 24 24"
              width="40"
              xmlns="http://www.w3.org/2000/svg"
            >
              <polyline
                points="9 18 15 12 9 6"
              />
            </svg>
          </span>
          <span
            class="MuiTouchRipple-root"
          />
        </button>
      </div>
    </div>
  </div>
</div>
`;
